2025-08-21 02:13:50,087 - __main__ - INFO - Generating report for date: 2025-08-21

============================================================
MLB試合予想レポート - 日本時間 2025/08/22 の試合
============================================================


============================================================
**Athletics @ Minnesota Twins**
開始時刻: 08/22 02:10 (日本時間)
==================================================

【Athletics】
**先発**: Jack Perkins (1勝2敗)
ERA: 4.08 | FIP: 3.76 | xFIP: 4.20 | WHIP: 1.05 | K-BB%: 14.7% | GB%: 44.7% | FB%: 32.9% | QS率: 50.0%
SwStr%: 32.9% | BABIP: 0.219
対左: 0.190 (OPS 0.624) | 対右: 0.178 (OPS 0.519)

**中継ぎ陣** (8名):
ERA: 3.86 | FIP: 3.77 | xFIP: 2.98 | WHIP: 1.35 | K-BB%: 12.5%
SU: Justin Sterner (FIP: 4.84), Michael Kelly (FIP: 3.55)
疲労度: 主力4名が連投中
2025-08-21 02:13:52,049 - scripts.batting_quality_stats - INFO - Using cached quality stats for team 133

**チーム打撃**:
2025-08-21 02:13:52,092 - src.mlb_api_client - INFO - Using cached OPS for team 133 last 5 games
2025-08-21 02:13:52,097 - src.mlb_api_client - INFO - Using cached OPS for team 133 last 10 games
AVG: 0.254 | OPS: 0.755 | 得点: 572 | 本塁打: 175
wOBA: 0.327 | xwOBA: 0.318
Barrel%: 10.9% | Hard-Hit%: 25.4%
対左投手: 0.261 (OPS 0.752) | 対右投手: 0.252 (OPS 0.755)
過去5試合OPS: 0.847 | 過去10試合OPS: 0.780

【Minnesota Twins】
**先発**: 未定

**中継ぎ陣** (9名):
ERA: 4.52 | FIP: 3.98 | xFIP: 2.98 | WHIP: 1.40 | K-BB%: 10.6%
SU: Cole Sands (FIP: 3.92)
疲労度: 主力2名が連投中
2025-08-21 02:13:52,810 - scripts.batting_quality_stats - INFO - Using cached quality stats for team 142

**チーム打撃**:
2025-08-21 02:13:52,815 - src.mlb_api_client - INFO - Using cached OPS for team 142 last 5 games
2025-08-21 02:13:52,820 - src.mlb_api_client - INFO - Using cached OPS for team 142 last 10 games
AVG: 0.237 | OPS: 0.705 | 得点: 520 | 本塁打: 146
wOBA: 0.308 | xwOBA: 0.312
Barrel%: 10.2% | Hard-Hit%: 28.2%
対左投手: 0.230 (OPS 0.684) | 対右投手: 0.240 (OPS 0.713)
過去5試合OPS: 0.641 | 過去10試合OPS: 0.566

============================================================

============================================================
**Texas Rangers @ Kansas City Royals**
開始時刻: 08/22 03:10 (日本時間)
==================================================

【Texas Rangers】
**先発**: Patrick Corbin (6勝8敗)
ERA: 4.00 | FIP: 4.25 | xFIP: 4.21 | WHIP: 1.32 | K-BB%: 11.9% | GB%: 38.7% | FB%: 29.1% | QS率: 22.7%
SwStr%: 25.7% | BABIP: 0.298
対左: 0.236 (OPS 0.699) | 対右: 0.269 (OPS 0.754)

**中継ぎ陣** (8名):
ERA: 2.49 | FIP: 2.90 | xFIP: 2.64 | WHIP: 1.07 | K-BB%: 16.3%
CL: Robert Garcia (FIP: 3.72)
SU: Danny Coulombe (FIP: 2.15), Hoby Milner (FIP: 2.42)
疲労度: 主力5名が連投中
2025-08-21 02:13:53,857 - scripts.batting_quality_stats - INFO - Using cached quality stats for team 140

**チーム打撃**:
2025-08-21 02:13:53,862 - src.mlb_api_client - INFO - Using cached OPS for team 140 last 5 games
2025-08-21 02:13:53,867 - src.mlb_api_client - INFO - Using cached OPS for team 140 last 10 games
AVG: 0.232 | OPS: 0.678 | 得点: 517 | 本塁打: 134
wOBA: 0.298 | xwOBA: 0.308
Barrel%: 9.4% | Hard-Hit%: 22.9%
対左投手: 0.224 (OPS 0.629) | 対右投手: 0.235 (OPS 0.697)
過去5試合OPS: 0.757 | 過去10試合OPS: 0.694

【Kansas City Royals】
**先発**: Michael Lorenzen (5勝8敗)
ERA: 4.61 | FIP: 4.54 | xFIP: 4.37 | WHIP: 1.30 | K-BB%: 13.2% | GB%: 38.0% | FB%: 27.9% | QS率: 38.9%
SwStr%: 22.9% | BABIP: 0.289
対左: 0.250 (OPS 0.739) | 対右: 0.269 (OPS 0.820)

**中継ぎ陣** (8名):
ERA: 3.35 | FIP: 3.80 | xFIP: 2.92 | WHIP: 1.21 | K-BB%: 12.4%
2025-08-21 02:13:54,612 - __main__ - ERROR - Error displaying bullpen stats: 'cp932' codec can't encode character '\xe9' in position 14: illegal multibyte sequence
ブルペン統計の表示エラー: 'cp932' codec can't encode character '\xe9' in position 14: illegal multibyte sequence
2025-08-21 02:13:54,964 - scripts.batting_quality_stats - INFO - Using cached quality stats for team 118

**チーム打撃**:
2025-08-21 02:13:54,969 - src.mlb_api_client - INFO - Using cached OPS for team 118 last 5 games
2025-08-21 02:13:54,974 - src.mlb_api_client - INFO - Using cached OPS for team 118 last 10 games
AVG: 0.246 | OPS: 0.697 | 得点: 480 | 本塁打: 119
wOBA: 0.305 | xwOBA: 0.311
Barrel%: 11.3% | Hard-Hit%: 27.2%
対左投手: 0.239 (OPS 0.665) | 対右投手: 0.248 (OPS 0.707)
過去5試合OPS: 0.849 | 過去10試合OPS: 0.814

============================================================

============================================================
**Milwaukee Brewers @ Chicago Cubs**
開始時刻: 08/22 03:20 (日本時間)
==================================================

【Milwaukee Brewers】
**先発**: Quinn Priester (11勝2敗)
ERA: 3.49 | FIP: 4.20 | xFIP: 3.80 | WHIP: 1.24 | K-BB%: 11.4% | GB%: 57.6% | FB%: 19.7% | QS率: 41.2%
SwStr%: 23.6% | BABIP: 0.274
対左: 0.227 (OPS 0.687) | 対右: 0.254 (OPS 0.735)

**中継ぎ陣** (8名):
ERA: 2.57 | FIP: 3.11 | xFIP: 2.62 | WHIP: 1.09 | K-BB%: 16.6%
CL: Shelby Miller (FIP: 3.07)
SU: Abner Uribe (FIP: 3.01), Grant Anderson (FIP: 3.66)
疲労度: 主力6名が連投中
2025-08-21 02:13:56,128 - scripts.batting_quality_stats - INFO - Using cached quality stats for team 158

**チーム打撃**:
2025-08-21 02:13:56,133 - src.mlb_api_client - INFO - Using cached OPS for team 158 last 5 games
2025-08-21 02:13:56,138 - src.mlb_api_client - INFO - Using cached OPS for team 158 last 10 games
AVG: 0.258 | OPS: 0.738 | 得点: 650 | 本塁打: 135
wOBA: 0.324 | xwOBA: 0.316
Barrel%: 11.1% | Hard-Hit%: 27.1%
対左投手: 0.268 (OPS 0.738) | 対右投手: 0.254 (OPS 0.738)
過去5試合OPS: 0.674 | 過去10試合OPS: 0.841

【Chicago Cubs】
**先発**: Shota Imanaga (8勝5敗)
ERA: 3.19 | FIP: 4.32 | xFIP: 4.45 | WHIP: 0.97 | K-BB%: 16.4% | GB%: 28.9% | FB%: 39.6% | QS率: 41.2%
SwStr%: 24.1% | BABIP: 0.225
対左: 0.157 (OPS 0.482) | 対右: 0.232 (OPS 0.705)

**中継ぎ陣** (7名):
ERA: 2.60 | FIP: 3.01 | xFIP: 2.53 | WHIP: 1.08 | K-BB%: 17.3%
CL: Daniel Palencia (FIP: 2.50)
SU: Andrew Kittredge (FIP: 3.56), Brad Keller (FIP: 3.10)
疲労度: 主力6名が連投中
2025-08-21 02:13:57,203 - scripts.batting_quality_stats - INFO - Using cached quality stats for team 112

**チーム打撃**:
2025-08-21 02:13:57,208 - src.mlb_api_client - INFO - Using cached OPS for team 112 last 5 games
2025-08-21 02:13:57,213 - src.mlb_api_client - INFO - Using cached OPS for team 112 last 10 games
AVG: 0.250 | OPS: 0.748 | 得点: 624 | 本塁打: 172
wOBA: 0.324 | xwOBA: 0.317
Barrel%: 10.6% | Hard-Hit%: 24.1%
対左投手: 0.249 (OPS 0.739) | 対右投手: 0.251 (OPS 0.752)
過去5試合OPS: 0.637 | 過去10試合OPS: 0.603

============================================================

============================================================
**Los Angeles Dodgers @ Colorado Rockies**
開始時刻: 08/22 04:10 (日本時間)
==================================================

【Los Angeles Dodgers】
**先発**: Clayton Kershaw (6勝2敗)
ERA: 3.14 | FIP: 3.78 | xFIP: 4.26 | WHIP: 1.26 | K-BB%: 9.1% | GB%: 49.8% | FB%: 21.8% | QS率: 35.7%
SwStr%: 23.6% | BABIP: 0.293
対左: 0.302 (OPS 0.797) | 対右: 0.249 (OPS 0.683)

**中継ぎ陣** (8名):
ERA: 3.71 | FIP: 3.60 | xFIP: 2.52 | WHIP: 1.20 | K-BB%: 16.9%
SU: Alex Vesia (FIP: 3.58), Anthony Banda (FIP: 4.53)
疲労度: 主力5名が連投中
2025-08-21 02:13:58,229 - scripts.batting_quality_stats - INFO - Using cached quality stats for team 119

**チーム打撃**:
2025-08-21 02:13:58,235 - src.mlb_api_client - INFO - Using cached OPS for team 119 last 5 games
2025-08-21 02:13:58,241 - src.mlb_api_client - INFO - Using cached OPS for team 119 last 10 games
AVG: 0.255 | OPS: 0.772 | 得点: 654 | 本塁打: 187
wOBA: 0.336 | xwOBA: 0.320
Barrel%: 11.0% | Hard-Hit%: 23.5%
対左投手: 0.256 (OPS 0.772) | 対右投手: 0.254 (OPS 0.773)
過去5試合OPS: 0.769 | 過去10試合OPS: 0.803

【Colorado Rockies】
**先発**: Chase Dollander (2勝9敗)
ERA: 6.35 | FIP: 5.75 | xFIP: 4.89 | WHIP: 1.56 | K-BB%: 6.3% | GB%: 43.0% | FB%: 25.7% | QS率: 18.8%
SwStr%: 22.3% | BABIP: 0.290
対左: 0.272 (OPS 0.816) | 対右: 0.273 (OPS 0.800)

**中継ぎ陣** (8名):
ERA: 4.75 | FIP: 4.66 | xFIP: 3.10 | WHIP: 1.47 | K-BB%: 10.2%
SU: Juan Mejia (FIP: 3.29), Victor Vodnik (FIP: 4.44)
疲労度: 主力3名が連投中
2025-08-21 02:13:59,330 - scripts.batting_quality_stats - INFO - Using cached quality stats for team 115

**チーム打撃**:
2025-08-21 02:13:59,358 - src.mlb_api_client - INFO - Using cached OPS for team 115 last 5 games
2025-08-21 02:13:59,363 - src.mlb_api_client - INFO - Using cached OPS for team 115 last 10 games
AVG: 0.239 | OPS: 0.692 | 得点: 477 | 本塁打: 131
wOBA: 0.301 | xwOBA: 0.310
Barrel%: 10.5% | Hard-Hit%: 23.9%
対左投手: 0.236 (OPS 0.681) | 対右投手: 0.240 (OPS 0.695)
過去5試合OPS: 0.777 | 過去10試合OPS: 0.736

============================================================

============================================================
**New York Mets @ Washington Nationals**
開始時刻: 08/22 05:05 (日本時間)
==================================================

【New York Mets】
**先発**: Sean Manaea (1勝1敗)
ERA: 4.33 | FIP: 3.80 | xFIP: 3.56 | WHIP: 1.11 | K-BB%: 21.1% | GB%: 41.3% | FB%: 24.0% | QS率: 0.0%
SwStr%: 23.1% | BABIP: 0.286
対左: 0.278 (OPS 0.594) | 対右: 0.221 (OPS 0.694)

**中継ぎ陣** (8名):
ERA: 2.89 | FIP: 2.96 | xFIP: 2.45 | WHIP: 1.17 | K-BB%: 18.0%
2025-08-21 02:14:00,033 - __main__ - ERROR - Error displaying bullpen stats: 'cp932' codec can't encode character '\xed' in position 11: illegal multibyte sequence
ブルペン統計の表示エラー: 'cp932' codec can't encode character '\xed' in position 11: illegal multibyte sequence
2025-08-21 02:14:00,387 - scripts.batting_quality_stats - INFO - Using cached quality stats for team 121

**チーム打撃**:
2025-08-21 02:14:00,393 - src.mlb_api_client - INFO - Using cached OPS for team 121 last 5 games
2025-08-21 02:14:00,398 - src.mlb_api_client - INFO - Using cached OPS for team 121 last 10 games
AVG: 0.244 | OPS: 0.740 | 得点: 562 | 本塁打: 164
wOBA: 0.323 | xwOBA: 0.316
Barrel%: 11.2% | Hard-Hit%: 25.7%
対左投手: 0.226 (OPS 0.665) | 対右投手: 0.251 (OPS 0.767)
過去5試合OPS: 0.902 | 過去10試合OPS: 0.931

【Washington Nationals】
**先発**: MacKenzie Gore (5勝12敗)
ERA: 4.09 | FIP: 3.54 | xFIP: 3.49 | WHIP: 1.33 | K-BB%: 19.9% | GB%: 37.4% | FB%: 31.4% | QS率: 54.2%
SwStr%: 30.6% | BABIP: 0.338
対左: 0.241 (OPS 0.690) | 対右: 0.264 (OPS 0.744)

**中継ぎ陣** (9名):
ERA: 4.60 | FIP: 4.15 | xFIP: 2.92 | WHIP: 1.35 | K-BB%: 12.0%
SU: Brad Lord (FIP: 3.62), Jose A. Ferrer (FIP: 2.99)
疲労度: 主力4名が連投中
2025-08-21 02:14:01,483 - scripts.batting_quality_stats - INFO - Using cached quality stats for team 120

**チーム打撃**:
2025-08-21 02:14:01,489 - src.mlb_api_client - INFO - Using cached OPS for team 120 last 5 games
2025-08-21 02:14:01,494 - src.mlb_api_client - INFO - Using cached OPS for team 120 last 10 games
AVG: 0.244 | OPS: 0.695 | 得点: 532 | 本塁打: 118
wOBA: 0.305 | xwOBA: 0.310
Barrel%: 9.3% | Hard-Hit%: 23.7%
対左投手: 0.232 (OPS 0.657) | 対右投手: 0.248 (OPS 0.711)
過去5試合OPS: 0.643 | 過去10試合OPS: 0.766

============================================================

============================================================
**San Francisco Giants @ San Diego Padres**
開始時刻: 08/22 05:10 (日本時間)
==================================================

【San Francisco Giants】
**先発**: Justin Verlander (1勝9敗)
ERA: 4.53 | FIP: 4.16 | xFIP: 4.71 | WHIP: 1.50 | K-BB%: 11.5% | GB%: 34.2% | FB%: 32.3% | QS率: 30.0%
SwStr%: 24.7% | BABIP: 0.332
対左: 0.292 (OPS 0.832) | 対右: 0.277 (OPS 0.773)

**中継ぎ陣** (8名):
ERA: 3.40 | FIP: 3.12 | xFIP: 2.70 | WHIP: 1.18 | K-BB%: 14.7%
CL: Ryan Walker (FIP: 3.19)
2025-08-21 02:14:02,209 - __main__ - ERROR - Error displaying bullpen stats: 'cp932' codec can't encode character '\xed' in position 14: illegal multibyte sequence
ブルペン統計の表示エラー: 'cp932' codec can't encode character '\xed' in position 14: illegal multibyte sequence
2025-08-21 02:14:02,566 - scripts.batting_quality_stats - INFO - Using cached quality stats for team 137

**チーム打撃**:
2025-08-21 02:14:02,572 - src.mlb_api_client - INFO - Using cached OPS for team 137 last 5 games
2025-08-21 02:14:02,577 - src.mlb_api_client - INFO - Using cached OPS for team 137 last 10 games
AVG: 0.232 | OPS: 0.684 | 得点: 510 | 本塁打: 120
wOBA: 0.301 | xwOBA: 0.309
Barrel%: 11.0% | Hard-Hit%: 25.0%
対左投手: 0.212 (OPS 0.617) | 対右投手: 0.240 (OPS 0.708)
過去5試合OPS: 0.704 | 過去10試合OPS: 0.596

【San Diego Padres】
**先発**: Dylan Cease (5勝10敗)
ERA: 4.52 | FIP: 3.42 | xFIP: 3.30 | WHIP: 1.28 | K-BB%: 21.6% | GB%: 37.3% | FB%: 30.0% | QS率: 29.2%
SwStr%: 34.4% | BABIP: 0.321
対左: 0.226 (OPS 0.705) | 対右: 0.247 (OPS 0.709)

**中継ぎ陣** (8名):
ERA: 2.87 | FIP: 2.94 | xFIP: 2.47 | WHIP: 1.12 | K-BB%: 18.5%
CL: Mason Miller (FIP: 2.91)
SU: Adrian Morejon (FIP: 1.95), Jason Adam (FIP: 3.05)
疲労度: 主力7名が連投中
2025-08-21 02:14:03,667 - scripts.batting_quality_stats - INFO - Using cached quality stats for team 135

**チーム打撃**:
2025-08-21 02:14:03,672 - src.mlb_api_client - INFO - Using cached OPS for team 135 last 5 games
2025-08-21 02:14:03,677 - src.mlb_api_client - INFO - Using cached OPS for team 135 last 10 games
AVG: 0.251 | OPS: 0.704 | 得点: 523 | 本塁打: 106
wOBA: 0.310 | xwOBA: 0.312
Barrel%: 10.5% | Hard-Hit%: 25.6%
対左投手: 0.244 (OPS 0.681) | 対右投手: 0.254 (OPS 0.715)
過去5試合OPS: 0.621 | 過去10試合OPS: 0.737

============================================================

============================================================
**Houston Astros @ Baltimore Orioles**
開始時刻: 08/22 08:15 (日本時間)
==================================================

【Houston Astros】
**先発**: Jason Alexander (3勝1敗)
ERA: 5.02 | FIP: 4.80 | xFIP: 4.69 | WHIP: 1.46 | K-BB%: 6.5% | GB%: 46.7% | FB%: 24.2% | QS率: 60.0%
SwStr%: 23.7% | BABIP: 0.278
対左: 0.253 (OPS 0.814) | 対右: 0.250 (OPS 0.694)

**中継ぎ陣** (8名):
ERA: 3.17 | FIP: 3.13 | xFIP: 2.26 | WHIP: 1.08 | K-BB%: 20.9%
CL: Josh Hader (FIP: 3.21)
SU: Bennett Sousa (FIP: 2.57), Bryan Abreu (FIP: 2.45)
疲労度: 主力8名が連投中
2025-08-21 02:14:04,818 - scripts.batting_quality_stats - INFO - Using cached quality stats for team 117

**チーム打撃**:
2025-08-21 02:14:04,823 - src.mlb_api_client - INFO - Using cached OPS for team 117 last 5 games
2025-08-21 02:14:04,828 - src.mlb_api_client - INFO - Using cached OPS for team 117 last 10 games
AVG: 0.253 | OPS: 0.718 | 得点: 530 | 本塁打: 136
wOBA: 0.314 | xwOBA: 0.313
Barrel%: 10.3% | Hard-Hit%: 22.9%
対左投手: 0.258 (OPS 0.758) | 対右投手: 0.252 (OPS 0.708)
過去5試合OPS: 0.393 | 過去10試合OPS: 0.571

【Baltimore Orioles】
**先発**: Brandon Young (0勝6敗)
ERA: 6.70 | FIP: 5.58 | xFIP: 4.53 | WHIP: 1.74 | K-BB%: 9.8% | GB%: 41.7% | FB%: 28.5% | QS率: 10.0%
SwStr%: 23.2% | BABIP: 0.356
対左: 0.319 (OPS 0.973) | 対右: 0.313 (OPS 0.918)

**中継ぎ陣** (8名):
ERA: 4.58 | FIP: 3.98 | xFIP: 2.75 | WHIP: 1.43 | K-BB%: 14.5%
SU: Keegan Akin (FIP: 4.59), Yennier Cano (FIP: 3.92)
疲労度: 主力2名が連投中

**チーム打撃**:
2025-08-21 02:14:08,964 - src.mlb_api_client - INFO - Team 110 last 5 games: OPS=0.745 (OBP=0.329, SLG=0.416)
2025-08-21 02:14:13,494 - src.mlb_api_client - INFO - Team 110 last 10 games: OPS=0.670 (OBP=0.302, SLG=0.369)
AVG: 0.240 | OPS: 0.709 | 得点: 547 | 本塁打: 151
wOBA: 0.309 | xwOBA: 0.312
Barrel%: 11.8% | Hard-Hit%: 25.9%
対左投手: 0.231 (OPS 0.658) | 対右投手: 0.244 (OPS 0.730)
過去5試合OPS: 0.745 | 過去10試合OPS: 0.670

============================================================

============================================================
**Boston Red Sox @ New York Yankees**
開始時刻: 08/22 08:15 (日本時間)
==================================================

【Boston Red Sox】
**先発**: Lucas Giolito (8勝2敗)
ERA: 3.77 | FIP: 4.43 | xFIP: 4.41 | WHIP: 1.25 | K-BB%: 11.8% | GB%: 37.3% | FB%: 27.7% | QS率: 61.1%
SwStr%: 22.6% | BABIP: 0.272
対左: 0.221 (OPS 0.708) | 対右: 0.263 (OPS 0.708)

**中継ぎ陣** (8名):
ERA: 3.35 | FIP: 3.05 | xFIP: 2.60 | WHIP: 1.20 | K-BB%: 16.1%
CL: Aroldis Chapman (FIP: 1.96)
SU: Garrett Whitlock (FIP: 2.48), Greg Weissert (FIP: 4.02)
疲労度: 主力5名が連投中

**チーム打撃**:
2025-08-21 02:14:17,052 - src.mlb_api_client - INFO - Team 111 last 5 games: OPS=0.574 (OBP=0.274, SLG=0.301)
2025-08-21 02:14:21,412 - src.mlb_api_client - INFO - Team 111 last 10 games: OPS=0.663 (OBP=0.307, SLG=0.356)
AVG: 0.252 | OPS: 0.748 | 得点: 632 | 本塁打: 152
wOBA: 0.326 | xwOBA: 0.317
Barrel%: 11.4% | Hard-Hit%: 26.3%
対左投手: 0.263 (OPS 0.764) | 対右投手: 0.247 (OPS 0.742)
過去5試合OPS: 0.574 | 過去10試合OPS: 0.663

【New York Yankees】
**先発**: 未定

**中継ぎ陣** (8名):
ERA: 3.34 | FIP: 3.29 | xFIP: 2.58 | WHIP: 1.17 | K-BB%: 16.7%
CL: Camilo Doval (FIP: 3.30)
SU: Devin Williams (FIP: 3.46), Luke Weaver (FIP: 3.95)
疲労度: 主力6名が連投中
2025-08-21 02:14:22,205 - scripts.batting_quality_stats - INFO - Using cached quality stats for team 147

**チーム打撃**:
2025-08-21 02:14:22,210 - src.mlb_api_client - INFO - Using cached OPS for team 147 last 5 games
2025-08-21 02:14:22,215 - src.mlb_api_client - INFO - Using cached OPS for team 147 last 10 games
AVG: 0.251 | OPS: 0.784 | 得点: 649 | 本塁打: 204
wOBA: 0.341 | xwOBA: 0.322
Barrel%: 11.9% | Hard-Hit%: 27.9%
対左投手: 0.264 (OPS 0.804) | 対右投手: 0.247 (OPS 0.777)
過去5試合OPS: 0.957 | 過去10試合OPS: 0.871

============================================================

============================================================
**St. Louis Cardinals @ Tampa Bay Rays**
開始時刻: 08/22 08:35 (日本時間)
==================================================

【St. Louis Cardinals】
**先発**: Sonny Gray (11勝5敗)
ERA: 4.06 | FIP: 3.10 | xFIP: 2.94 | WHIP: 1.15 | K-BB%: 22.8% | GB%: 42.3% | FB%: 23.4% | QS率: 45.8%
SwStr%: 26.4% | BABIP: 0.326
対左: 0.233 (OPS 0.623) | 対右: 0.282 (OPS 0.791)

**中継ぎ陣** (8名):
ERA: 3.75 | FIP: 3.80 | xFIP: 2.92 | WHIP: 1.28 | K-BB%: 12.9%
SU: JoJo Romero (FIP: 3.03), Kyle Leahy (FIP: 3.13)
疲労度: 主力3名が連投中
2025-08-21 02:14:23,127 - scripts.batting_quality_stats - INFO - Using cached quality stats for team 138

**チーム打撃**:
2025-08-21 02:14:23,132 - src.mlb_api_client - INFO - Using cached OPS for team 138 last 5 games
2025-08-21 02:14:23,138 - src.mlb_api_client - INFO - Using cached OPS for team 138 last 10 games
AVG: 0.250 | OPS: 0.706 | 得点: 556 | 本塁打: 120
wOBA: 0.310 | xwOBA: 0.312
Barrel%: 9.0% | Hard-Hit%: 26.0%
対左投手: 0.249 (OPS 0.694) | 対右投手: 0.251 (OPS 0.710)
過去5試合OPS: 0.726 | 過去10試合OPS: 0.659

【Tampa Bay Rays】
**先発**: 未定

**中継ぎ陣** (8名):
ERA: 3.79 | FIP: 3.22 | xFIP: 2.12 | WHIP: 1.20 | K-BB%: 21.8%
CL: Pete Fairbanks (FIP: 2.89)
SU: Bryan Baker (FIP: 4.24), Edwin Uceta (FIP: 3.79)
疲労度: 主力6名が連投中
2025-08-21 02:14:23,863 - scripts.batting_quality_stats - INFO - Using cached quality stats for team 139

**チーム打撃**:
2025-08-21 02:14:23,868 - src.mlb_api_client - INFO - Using cached OPS for team 139 last 5 games
2025-08-21 02:14:23,874 - src.mlb_api_client - INFO - Using cached OPS for team 139 last 10 games
AVG: 0.250 | OPS: 0.710 | 得点: 559 | 本塁打: 137
wOBA: 0.310 | xwOBA: 0.312
Barrel%: 7.8% | Hard-Hit%: 21.5%
対左投手: 0.229 (OPS 0.651) | 対右投手: 0.259 (OPS 0.735)
過去5試合OPS: 0.596 | 過去10試合OPS: 0.646

============================================================
