\n============================================================
MLB試合予想レポート - 日本時間 2025/08/22 の試合
============================================================

